SQL> create table univerisity (
  2  regid number(4) primary key,
  3  studentname varchar2(20),
  4  gender char(1),
  5  year number(2),
  6  collegename varchar2(20));

Table created.

SQL> insert into univerisity values(&regid,'&studentname','&gender',&year,'&collegename');
Enter value for regid: 101
Enter value for studentname: ravi kumar
Enter value for gender: m
Enter value for year: 1
Enter value for collegename: aditya
old   1: insert into univerisity values(&regid,'&studentname','&gender',&year,'&collegename')
new   1: insert into univerisity values(101,'ravi kumar','m',1,'aditya')

1 row created.

SQL> /
Enter value for regid: 102
Enter value for studentname: sai ram
Enter value for gender: m
Enter value for year: 1
Enter value for collegename: gmr
old   1: insert into univerisity values(&regid,'&studentname','&gender',&year,'&collegename')
new   1: insert into univerisity values(102,'sai ram','m',1,'gmr')

1 row created.

SQL> /
Enter value for regid: 103
Enter value for studentname: laxmi
Enter value for gender: f
Enter value for year: 1
Enter value for collegename: aitem
old   1: insert into univerisity values(&regid,'&studentname','&gender',&year,'&collegename')
new   1: insert into univerisity values(103,'laxmi','f',1,'aitem')

1 row created.

SQL> /
Enter value for regid: 104
Enter value for studentname: lavanya
Enter value for gender: f
Enter value for year: 1
Enter value for collegename: brau
old   1: insert into univerisity values(&regid,'&studentname','&gender',&year,'&collegename')
new   1: insert into univerisity values(104,'lavanya','f',1,'brau')

1 row created.

SQL> /
Enter value for regid: 105
Enter value for studentname: bhagi
Enter value for gender: f
Enter value for year: 1
Enter value for collegename: sun degree
old   1: insert into univerisity values(&regid,'&studentname','&gender',&year,'&collegename')
new   1: insert into univerisity values(105,'bhagi','f',1,'sun degree')

1 row created.



SQL> /
Enter value for regid: 105
Enter value for studentname: bhagi
Enter value for gender: f
Enter value for year: 1
Enter value for collegename: sun degree
old   1: insert into univerisity values(&regid,'&studentname','&gender',&year,'&collegename')
new   1: insert into univerisity values(105,'bhagi','f',1,'sun degree')
insert into univerisity values(105,'bhagi','f',1,'sun degree')
*
ERROR at line 1:
ORA-00001: unique constraint (SYSTEM.SYS_C004056) violated


SQL> select * from univerisity;

     REGID STUDENTNAME          G       YEAR COLLEGENAME
---------- -------------------- - ---------- --------------------
       101 ravi kumar           m          1 aditya
       102 sai ram              m          1 gmr
       103 laxmi                f          1 aitem
       104 lavanya              f          1 brau
       105 bhagi                f          1 sun degree

SQL> create table examhalltickets (
  2  htno number(10) primary key,
  3  studentname varchar2(20),
  4  examcenter varchar2(20),
  5  regid number(4),
  6  foreign key(regid) references univerisity(regid));

Table created.




SQL> insert into  examhalltickets values(&htno,'&studentname','&examcenter',&regid);
Enter value for htno: 456756
Enter value for studentname: bhagi
Enter value for examcenter: vizag
Enter value for regid: 105
old   1: insert into  examhalltickets values(&htno,'&studentname','&examcenter',&regid)
new   1: insert into  examhalltickets values(456756,'bhagi','vizag',105)

1 row created.

SQL> /
Enter value for htno: 785638
Enter value for studentname: laxmi
Enter value for examcenter: vizag
Enter value for regid: 103
old   1: insert into  examhalltickets values(&htno,'&studentname','&examcenter',&regid)
new   1: insert into  examhalltickets values(785638,'laxmi','vizag',103)

1 row created.

SQL> /
Enter value for htno: 488539
Enter value for studentname: sai ram
Enter value for examcenter: sklm
Enter value for regid: 102
old   1: insert into  examhalltickets values(&htno,'&studentname','&examcenter',&regid)
new   1: insert into  examhalltickets values(488539,'sai ram','sklm',102)

1 row created.

SQL> /
Enter value for htno: 843479
Enter value for studentname: ravi kumar
Enter value for examcenter: hyd
Enter value for regid: 101
old   1: insert into  examhalltickets values(&htno,'&studentname','&examcenter',&regid)
new   1: insert into  examhalltickets values(843479,'ravi kumar','hyd',101)

1 row created.

SQL> /
Enter value for htno: 438329
Enter value for studentname: laxmi
Enter value for examcenter: rjd
Enter value for regid: 107
old   1: insert into  examhalltickets values(&htno,'&studentname','&examcenter',&regid)
new   1: insert into  examhalltickets values(438329,'laxmi','rjd',107)
insert into  examhalltickets values(438329,'laxmi','rjd',107)
*
ERROR at line 1:
ORA-02291: integrity constraint (SYSTEM.SYS_C004058) violated - parent key not
found




SQL> insert into  examhalltickets values(&htno,'&studentname','&examcenter',&regid)
  2  ;
Enter value for htno: 348343
Enter value for studentname: lavanya
Enter value for examcenter: pune
Enter value for regid: 104
old   1: insert into  examhalltickets values(&htno,'&studentname','&examcenter',&regid)
new   1: insert into  examhalltickets values(348343,'lavanya','pune',104)

1 row created.

SQL> select * from examhalltickets;

      HTNO STUDENTNAME          EXAMCENTER                REGID
---------- -------------------- -------------------- ----------
    456756 bhagi                vizag                       105
    785638 laxmi                vizag                       103
    488539 sai ram              sklm                        102
    843479 ravi kumar           hyd                         101
    348343 lavanya              pune                        104
